2025-06-20 23:25:52,948 - pyswarms.single.global_best - INFO - Optimize for 200 iters with {'c1': 0.5, 'c2': 0.3, 'w': 0.9}
2025-06-20 23:25:53,136 - pyswarms.single.global_best - INFO - Optimization finished | best cost: -26.41173290184375, best pos: [81499.24971139 78688.12381984  3312.54422437  2357.79370285
  6238.33971561  6709.33334659]
2025-06-20 23:29:05,846 - pyswarms.single.global_best - INFO - Optimize for 500 iters with {'c1': 1.7, 'c2': 1.5, 'w': 0.7}
2025-06-20 23:31:33,133 - pyswarms.single.global_best - INFO - Optimize for 500 iters with {'c1': 1.7, 'c2': 1.5, 'w': 0.7}
2025-06-20 23:33:16,149 - pyswarms.single.global_best - INFO - Optimize for 500 iters with {'c1': 1.7, 'c2': 1.5, 'w': 0.7}
2025-06-20 23:33:17,028 - pyswarms.single.global_best - INFO - Optimization finished | best cost: -25.41796487179499, best pos: [70949.46278671 74776.09477343  4336.43960387  4056.02559583
 23518.09287135 20901.40464279]
2025-06-20 23:35:12,369 - pyswarms.single.local_best - INFO - Optimize for 1000 iters with {'c1': 2.0, 'c2': 1.2, 'w': 0.65, 'k': 50, 'p': 2}
2025-06-20 23:35:20,011 - pyswarms.single.local_best - INFO - Optimization finished | best cost: -29.193777947379644, best pos: [37637.91682875 86899.77615389  2663.65125259  7975.27690602
   353.61209575  3508.11673614]
2025-06-20 23:36:39,738 - pyswarms.single.local_best - INFO - Optimize for 1000 iters with {'c1': 2.0, 'c2': 1.2, 'w': 0.65, 'k': 50, 'p': 2}
2025-06-20 23:36:48,596 - pyswarms.single.local_best - INFO - Optimization finished | best cost: -30.414243980933175, best pos: [45185.15367332 31953.90147917  2068.28761873   382.55846293
  1806.86210736  1721.64449738]
2025-06-20 23:37:39,184 - pyswarms.single.local_best - INFO - Optimize for 1000 iters with {'c1': 3.0, 'c2': 1.2, 'w': 0.65, 'k': 50, 'p': 2}
2025-06-20 23:37:46,653 - pyswarms.single.local_best - INFO - Optimization finished | best cost: -29.5035605505021, best pos: [62465.44578388 83915.52983049  2009.0349966   1014.39770571
  3876.68177639  9692.64029321]
2025-06-20 23:38:14,232 - pyswarms.single.local_best - INFO - Optimize for 5000 iters with {'c1': 2.0, 'c2': 1.2, 'w': 0.65, 'k': 50, 'p': 2}
2025-06-20 23:38:52,141 - pyswarms.single.local_best - INFO - Optimization finished | best cost: -30.669798901634735, best pos: [86561.9783908  80991.07645633  1327.47877272  2016.72771888
  4632.04494521  1107.94382023]
2025-06-20 23:39:15,904 - pyswarms.single.local_best - INFO - Optimize for 10000 iters with {'c1': 2.0, 'c2': 1.2, 'w': 0.65, 'k': 50, 'p': 2}
2025-06-20 23:44:12,162 - pyswarms.single.local_best - INFO - Optimization finished | best cost: -31.158550650599512, best pos: [93336.58161251 69395.42838359   352.31147506   437.29205792
   887.79810983  2713.59583967]
2025-06-20 23:48:31,317 - pyswarms.single.local_best - INFO - Optimize for 1000 iters with {'c1': 2.0, 'c2': 1.2, 'w': 0.65, 'k': 50, 'p': 2}
2025-06-20 23:51:35,723 - pyswarms.single.local_best - INFO - Optimize for 1000 iters with {'c1': 2.0, 'c2': 1.2, 'w': 0.65, 'k': 50, 'p': 2}
2025-06-20 23:51:50,019 - pyswarms.single.local_best - INFO - Optimization finished | best cost: -9.43875079886004, best pos: [  432.19703945   213.41663399 92053.70164135 89214.48076998]
2025-06-20 23:52:32,272 - pyswarms.single.local_best - INFO - Optimize for 1000 iters with {'c1': 2.0, 'c2': 1.2, 'w': 0.65, 'k': 50, 'p': 2}
2025-06-20 23:52:41,035 - pyswarms.single.local_best - INFO - Optimization finished | best cost: -31.105739445890546, best pos: [88361.93345495 63675.63206688  3167.19739686   749.01924748
  1276.03899561  1427.61903557]
2025-06-20 23:53:35,821 - pyswarms.single.local_best - INFO - Optimize for 1000 iters with {'c1': 2.0, 'c2': 1.2, 'w': 0.65, 'k': 50, 'p': 2}
2025-06-20 23:53:43,928 - pyswarms.single.local_best - INFO - Optimization finished | best cost: -29.717795133171578, best pos: [65639.72893337 57893.63351781  2811.2195366   3500.23338985
  4838.06368046  2728.23074255]
2025-06-20 23:54:19,458 - pyswarms.single.local_best - INFO - Optimize for 10000 iters with {'c1': 2.0, 'c2': 1.2, 'w': 0.65, 'k': 50, 'p': 2}
2025-06-20 23:56:08,043 - pyswarms.single.local_best - INFO - Optimization finished | best cost: -29.965702157689694, best pos: [76960.24361607 92396.64867465  5083.47985218   566.33876679
  2165.25328121  7913.46859189]
2025-06-20 23:59:05,068 - pyswarms.single.local_best - INFO - Optimize for 10000 iters with {'c1': 2.0, 'c2': 1.2, 'w': 0.65, 'k': 50, 'p': 2}
2025-06-21 00:00:34,354 - pyswarms.single.local_best - INFO - Optimization finished | best cost: -30.38550129317431, best pos: [66306.31685189 92968.35363123  5133.98054261  6614.79712243
   143.18930463   929.86968237]
2025-06-21 00:02:00,552 - pyswarms.single.local_best - INFO - Optimize for 10000 iters with {'c1': 2.0, 'c2': 1.2, 'w': 0.65, 'k': 50, 'p': 2}
2025-06-21 00:03:22,048 - pyswarms.single.local_best - INFO - Optimization finished | best cost: -30.430081250010403, best pos: [67099.89297382 77988.73545177  3073.45408981  1040.24883443
  2360.1039895   3097.18795724]
2025-06-21 00:14:03,059 - pyswarms.single.local_best - INFO - Optimize for 10000 iters with {'c1': 2.0, 'c2': 1.2, 'w': 0.65, 'k': 50, 'p': 2}
2025-06-21 00:18:39,744 - pyswarms.single.local_best - INFO - Optimization finished | best cost: -30.592120070532108, best pos: [97795.83880184 51110.59075689  2667.32842673  2150.20595757
  2658.9432941   1693.17067359]
